---
source: lib/tests/golden_test.rs
expression: golden
input_file: lib/tests/test_inputs/self-cycle.yml
---
error: |
  nur::task_cycle

    × Nur file "[…].yml" has a task cycle: default → default

