---
source: lib/tests/golden_test.rs
expression: golden
input_file: lib/tests/test_inputs/no_version.yml
---
error: |2
    × missing field `version` at line 2 column 1
     ╭─[1:1]
   1 │ # shouldn't run due to no version
   2 │ tasks:
     · ▲
     · ╰── here
   3 │   default:
     ╰────

