---
source: lib/tests/golden_test.rs
expression: golden
input_file: lib/tests/test_inputs/extended-cycle.yml
---
error: |2
    × Nur file "/workspaces/nur/lib/tests/test_inputs/extended-cycle.yml" has a task cycle: a → b → c → default → a

