version: "1.0"

default: 
  dependencies: [world]

world:
  dependencies: [hello]
  cmds: ["echo world"]

hello:
  cmds: ["echo hello!"]
