version: 1.0

default:
  deps: [a, b]

a: { deps: [c] }
b: { deps: [c] }

c:
  run:
  - exit 100
