--- stdout ---
--- stderr ---
--- error ---
nur::task_failed

  × Task ‘c’ failed (exit status: 100) when executing command: `exit 100`

