--- stdout ---
   inner │ — Started task ‘inner’
   outer │ — Started task ‘outer’
override │ — Started task ‘override’
   inner │ inner
         │ — Task ‘inner’ completed
   outer │ outer
         │ — Task ‘outer’ completed
override │ inner-override
         │ — Task ‘override’ completed
 default │ — Started task ‘default’
         │ — Task ‘default’ completed
--- stderr ---
