--- stdout ---
— Started task ‘default’
ignored result!
— Task ‘default’ completed
--- stderr ---
