version: 1.0

default:
  cmds:
  - sh: exit 1
    ignore_result: true
  - echo 'ignored result!'
