error: |
  nur::task_cycle

    × Nur file "tests/goldenfiles/extended-cycle.yml" has a task cycle involving task ‘default’
