version: 1.0

default: { deps: [a] }
a: { deps: [b] }
b: { deps: [c] }
c: { deps: [default] }
