---
version: "1.0"

default:
  cmds:
  - echo 'Hello, world!'
