stdout: |
  default╭╴ Started task ‘default’
         │Hello, world!
         ╰╴ Task ‘default’ completed
