error: |2

    × missing field `version` at line 2 column 1
     ╭─[1:1]
   1 │ # shouldn't run due to no version
   2 │ tasks:
     · ▲
     · ╰── here
   3 │   default:
     ╰────
