# shouldn't run due to no version
tasks:
  default:
    run: []
