error: |
  nur::task_cycle

    × Nur file "tests/goldenfiles/self-cycle.yml" has a task cycle involving task ‘default’
